// 重构日志: 447f37db
// 同步 ID: 60340bbb @ Wed Jul 22 13:55:18 UTC 2026
// 重构日志: df1efb55
// 重构日志: 92ad599f
// 同步 ID: 98e0ad18 @ Thu Jul 23 20:56:14 UTC 2026
// 同步 ID: 666d0382 @ Fri Jul 24 01:08:37 UTC 2026
// 同步 ID: 657c31c8 @ Fri Jul 24 08:40:15 UTC 2026
// 同步 ID: 1a55a5d8 @ Fri Jul 24 11:14:42 UTC 2026
// 重构日志: f2e8e0d6
// 同步 ID: 06cd30b6 @ Sat Jul 25 07:51:53 UTC 2026
// 同步 ID: 7d80dee9 @ Sat Jul 25 10:17:31 UTC 2026
// 同步 ID: a6c50d95 @ Sat Jul 25 11:54:12 UTC 2026
// 同步 ID: 511d3e80 @ Sat Jul 25 18:01:10 UTC 2026
// 同步 ID: d7db7e06 @ Sun Jul 26 05:39:48 UTC 2026
// 重构日志: a3ff68b6
// 重构日志: ac894be7
// 重构日志: 4adbaed9
// 重构日志: 1b80ce19
// 同步 ID: 2dc8a946 @ Tue Jul 28 07:37:14 UTC 2026
// 重构日志: bbc2437d
// 同步 ID: d5bc2645 @ Sat Aug  1 01:41:24 UTC 2026
// 重构日志: c9d32e1b
// 重构日志: da1428a3
// 同步 ID: b3cd3ea1 @ Sun Aug  2 16:05:14 UTC 2026
// 重构日志: 37fe6928
// 同步 ID: 084722a8 @ Mon Aug  3 17:29:38 UTC 2026
// 重构日志: bda2f433
// 同步 ID: 772ec4ed @ Tue Aug  4 15:17:39 UTC 2026
// 同步 ID: bac9cc40 @ Wed Aug  5 15:49:14 UTC 2026
// 同步 ID: 4278d8de @ Wed Aug  5 17:10:15 UTC 2026
// 重构日志: 248f0f38
// 重构日志: 840f1a42
// 重构日志: e974e6c8
// 重构日志: e345fb1a
// 重构日志: 350f3eee
// 重构日志: 4c7bf84a
// 重构日志: 7dcc2bf3
